// Jest Snapshot v1, https://goo.gl/fbAQLP

exports[`Handles desktop mouse events correctly mouseEnter event takes the video through its start flow correctly 1`] = `
.emotion-1 {
  position: relative;
}

.emotion-0 {
  width: 100%;
  display: block;
  object-fit: cover;
}

<div>
  <div
    class="emotion-1"
    data-testid="hover-video-player-container"
  >
    <video
      class="emotion-0"
      loop=""
      playsinline=""
      preload="metadata"
    >
      <source
        src="fake/video-file.mp4"
      />
    </video>
  </div>
</div>
`;

exports[`Handles desktop mouse events correctly mouseLeave event takes the video through its stop flow correctly 1`] = `
.emotion-1 {
  position: relative;
}

.emotion-0 {
  width: 100%;
  display: block;
  object-fit: cover;
}

<div>
  <div
    class="emotion-1"
    data-testid="hover-video-player-container"
  >
    <video
      class="emotion-0"
      loop=""
      playsinline=""
      preload="metadata"
    >
      <source
        src="fake/video-file.mp4"
      />
    </video>
  </div>
</div>
`;

exports[`Handles mobile touch events correctly touchStart event takes the video through its start flow correctly 1`] = `
.emotion-1 {
  position: relative;
}

.emotion-0 {
  width: 100%;
  display: block;
  object-fit: cover;
}

<div>
  <div
    class="emotion-1"
    data-testid="hover-video-player-container"
  >
    <video
      class="emotion-0"
      loop=""
      playsinline=""
      preload="metadata"
    >
      <source
        src="fake/video-file.mp4"
      />
    </video>
  </div>
</div>
`;

exports[`Handles mobile touch events correctly touchStart events outside of the video takes it through its stop flow correctly 1`] = `
.emotion-1 {
  position: relative;
}

.emotion-0 {
  width: 100%;
  display: block;
  object-fit: cover;
}

<div>
  <div
    class="emotion-1"
    data-testid="hover-video-player-container"
  >
    <video
      class="emotion-0"
      loop=""
      playsinline=""
      preload="metadata"
    >
      <source
        src="fake/video-file.mp4"
      />
    </video>
  </div>
</div>
`;

exports[`Start and stop attempts interact with each other correctly an attempt to start the video when it is already playing will be ignored 1`] = `
.emotion-1 {
  position: relative;
}

.emotion-0 {
  width: 100%;
  display: block;
  object-fit: cover;
}

<div>
  <div
    class="emotion-1"
    data-testid="hover-video-player-container"
  >
    <video
      class="emotion-0"
      loop=""
      playsinline=""
      preload="metadata"
    >
      <source
        src="fake/video-file.mp4"
      />
    </video>
  </div>
</div>
`;

exports[`Start and stop attempts interact with each other correctly an attempt to start the video will correctly interrupt any attempts to stop it 1`] = `
.emotion-1 {
  position: relative;
}

.emotion-0 {
  width: 100%;
  display: block;
  object-fit: cover;
}

<div>
  <div
    class="emotion-1"
    data-testid="hover-video-player-container"
  >
    <video
      class="emotion-0"
      loop=""
      playsinline=""
      preload="metadata"
    >
      <source
        src="fake/video-file.mp4"
      />
    </video>
  </div>
</div>
`;

exports[`Start and stop attempts interact with each other correctly an attempt to stop the video when it is already stopped will be ignored 1`] = `
.emotion-1 {
  position: relative;
}

.emotion-0 {
  width: 100%;
  display: block;
  object-fit: cover;
}

<div>
  <div
    class="emotion-1"
    data-testid="hover-video-player-container"
  >
    <video
      class="emotion-0"
      loop=""
      playsinline=""
      preload="metadata"
    >
      <source
        src="fake/video-file.mp4"
      />
    </video>
  </div>
</div>
`;

exports[`Start and stop attempts interact with each other correctly an attempt to stop the video will correctly reverse an active start attempt when it completes 1`] = `
.emotion-1 {
  position: relative;
}

.emotion-0 {
  width: 100%;
  display: block;
  object-fit: cover;
}

<div>
  <div
    class="emotion-1"
    data-testid="hover-video-player-container"
  >
    <video
      class="emotion-0"
      loop=""
      playsinline=""
      preload="metadata"
    >
      <source
        src="fake/video-file.mp4"
      />
    </video>
  </div>
</div>
`;
