// Jest Snapshot v1, https://goo.gl/fbAQLP

exports[`Video props controls prop correctly sets controls attribute on video 1`] = `
<div>
  <div
    data-testid="hover-video-player-container"
    style="position: relative;"
  >
    <video
      crossorigin="anonymous"
      data-testid="video-element"
      loop=""
      playsinline=""
      style="display: block; width: 100%; object-fit: cover;"
    >
      <source
        src="fake/video-file.mp4"
      />
    </video>
  </div>
</div>
`;

exports[`Video props controlsList prop correctly sets controlslist attribute on video 1`] = `
<div>
  <div
    data-testid="hover-video-player-container"
    style="position: relative;"
  >
    <video
      crossorigin="anonymous"
      data-testid="video-element"
      loop=""
      playsinline=""
      style="display: block; width: 100%; object-fit: cover;"
    >
      <source
        src="fake/video-file.mp4"
      />
    </video>
  </div>
</div>
`;

exports[`Video props crossOrigin prop correctly sets crossorigin attribute on video 1`] = `
<div>
  <div
    data-testid="hover-video-player-container"
    style="position: relative;"
  >
    <video
      crossorigin="anonymous"
      data-testid="video-element"
      loop=""
      playsinline=""
      style="display: block; width: 100%; object-fit: cover;"
    >
      <source
        src="fake/video-file.mp4"
      />
    </video>
  </div>
</div>
`;

exports[`Video props disablePictureInPicture prop correctly sets disablePictureInPicture property on video 1`] = `
<div>
  <div
    data-testid="hover-video-player-container"
    style="position: relative;"
  >
    <video
      crossorigin="anonymous"
      data-testid="video-element"
      loop=""
      playsinline=""
      style="display: block; width: 100%; object-fit: cover;"
    >
      <source
        src="fake/video-file.mp4"
      />
    </video>
  </div>
</div>
`;

exports[`Video props disableRemotePlayback prop correctly sets disableRemotePlayback property on video 1`] = `
<div>
  <div
    data-testid="hover-video-player-container"
    style="position: relative;"
  >
    <video
      crossorigin="anonymous"
      data-testid="video-element"
      loop=""
      playsinline=""
      style="display: block; width: 100%; object-fit: cover;"
    >
      <source
        src="fake/video-file.mp4"
      />
    </video>
  </div>
</div>
`;

exports[`Video props loop prop correctly sets loop attribute on video 1`] = `
<div>
  <div
    data-testid="hover-video-player-container"
    style="position: relative;"
  >
    <video
      crossorigin="anonymous"
      data-testid="video-element"
      loop=""
      playsinline=""
      style="display: block; width: 100%; object-fit: cover;"
    >
      <source
        src="fake/video-file.mp4"
      />
    </video>
  </div>
</div>
`;

exports[`Video props muted prop correctly sets muted attribute on video 1`] = `
<div>
  <div
    data-testid="hover-video-player-container"
    style="position: relative;"
  >
    <video
      crossorigin="anonymous"
      data-testid="video-element"
      loop=""
      playsinline=""
      style="display: block; width: 100%; object-fit: cover;"
    >
      <source
        src="fake/video-file.mp4"
      />
    </video>
  </div>
</div>
`;

exports[`Video props preload prop correctly sets preload attribute on video 1`] = `
<div>
  <div
    data-testid="hover-video-player-container"
    style="position: relative;"
  >
    <video
      crossorigin="anonymous"
      data-testid="video-element"
      loop=""
      playsinline=""
      style="display: block; width: 100%; object-fit: cover;"
    >
      <source
        src="fake/video-file.mp4"
      />
    </video>
  </div>
</div>
`;

exports[`Video props volume prop correctly sets volume attribute on video 1`] = `
<div>
  <div
    data-testid="hover-video-player-container"
    style="position: relative;"
  >
    <video
      crossorigin="anonymous"
      data-testid="video-element"
      loop=""
      playsinline=""
      style="display: block; width: 100%; object-fit: cover;"
    >
      <source
        src="fake/video-file.mp4"
      />
    </video>
  </div>
</div>
`;
